## SLURM PROLOG ###############################################################
##    Job ID : 12348540
##  Job Name : stalk_pca
##  Nodelist : node2405
##      CPUs : 32
##   Mem/CPU : 2800 MB
## Directory : /oscar/home/snirenbe/stalk_pca/examples/nexus/sn2_pca
##   Job Started : Sun Aug 17 02:49:51 PM EDT 2025
###############################################################################

The following have been reloaded with a version change:
  1) python/3.9.16s-x3wdtvt => python/3.11.0s-ixrhc3q

Traceback (most recent call last):
  File "/users/snirenbe/stalk_pca/stalk/lsi/PathwayImage.py", line 145, in calculate_hessian
    hessian_array = loadtxt(hessian_file, ndmin=2)
                    ^^^^^^^^^^^^^^^^^^^^^^^^^^^^^^
  File "/users/snirenbe/stalk_venv/lib64/python3.11/site-packages/numpy/lib/_npyio_impl.py", line 1397, in loadtxt
    arr = _read(fname, dtype=dtype, comment=comment, delimiter=delimiter,
          ^^^^^^^^^^^^^^^^^^^^^^^^^^^^^^^^^^^^^^^^^^^^^^^^^^^^^^^^^^^^^^^
  File "/users/snirenbe/stalk_venv/lib64/python3.11/site-packages/numpy/lib/_npyio_impl.py", line 1024, in _read
    fh = np.lib._datasource.open(fname, 'rt', encoding=encoding)
         ^^^^^^^^^^^^^^^^^^^^^^^^^^^^^^^^^^^^^^^^^^^^^^^^^^^^^^^
  File "/users/snirenbe/stalk_venv/lib64/python3.11/site-packages/numpy/lib/_datasource.py", line 192, in open
    return ds.open(path, mode, encoding=encoding, newline=newline)
           ^^^^^^^^^^^^^^^^^^^^^^^^^^^^^^^^^^^^^^^^^^^^^^^^^^^^^^^
  File "/users/snirenbe/stalk_venv/lib64/python3.11/site-packages/numpy/lib/_datasource.py", line 529, in open
    raise FileNotFoundError(f"{path} not found.")
FileNotFoundError: tpw/image_1/hessian//hessian.dat not found.

During handling of the above exception, another exception occurred:

Traceback (most recent call last):
  File "/oscar/home/snirenbe/stalk_pca/examples/nexus/sn2_pca/run2_tpw_hessian.py", line 37, in <module>
    tpw.calculate_hessians(pes=pes_pyscf)
  File "/users/snirenbe/stalk_pca/stalk/lsi/TransitionPathway.py", line 195, in calculate_hessians
    image.calculate_hessian(
  File "/users/snirenbe/stalk_pca/stalk/lsi/PathwayImage.py", line 148, in calculate_hessian
    hessian.compute_fdiff(
  File "/users/snirenbe/stalk_pca/stalk/params/ParameterHessian.py", line 146, in compute_fdiff
    pes.evaluate_all(structure_list, **kwargs)
  File "/users/snirenbe/stalk_pca/stalk/nexus/NexusPes.py", line 103, in evaluate_all
    self._evaluate_structure(
  File "/users/snirenbe/stalk_pca/stalk/nexus/NexusPes.py", line 149, in _evaluate_structure
    jobs = self.func(
           ^^^^^^^^^^
  File "/users/snirenbe/stalk_pca/stalk/lsi/PathwayImage.py", line 128, in extended_pes_wrapper
    return extended_pes(self.structure, subspace, pes, structure_sub_arg, *args, **kwargs)
           ^^^^^^^^^^^^^^^^^^^^^^^^^^^^^^^^^^^^^^^^^^^^^^^^^^^^^^^^^^^^^^^^^^^^^^^^^^^^^^^
  File "/users/snirenbe/stalk_pca/stalk/lsi/PathwayImage.py", line 403, in extended_pes
    temp_structure_sub.set_params(params_sub)  # Set subspace params
    ^^^^^^^^^^^^^^^^^^^^^^^^^^^^^^^^^^^^^^^^^
  File "/users/snirenbe/stalk_pca/stalk/params/ParameterStructure.py", line 169, in set_params
    pos_new, self.axes = self.map_backward()
                         ^^^^^^^^^^^^^^^^^^^
  File "/users/snirenbe/stalk_pca/stalk/params/ParameterStructure.py", line 199, in map_backward
    res = self.backward_func(array(params), **self.backward_args)
          ^^^^^^^^^^^^^^^^^^^^^^^^^^^^^^^^^^^^^^^^^^^^^^^^^^^^^^^
  File "/oscar/home/snirenbe/stalk_pca/examples/nexus/sn2_pca/params.py", line 69, in backward
    x = p @ _components
        ~~^~~~~~~~~~~~~
ValueError: matmul: Input operand 1 has a mismatch in its core dimension 0, with gufunc signature (n?,k),(k,m?)->(n?,m?) (size 4 is different from 3)
